=== [1/6] MATE seed 43 ===
Loading weights:   0%|          | 0/390 [00:00<?, ?it/s]Loading weights:   1%|          | 3/390 [00:00<02:01,  3.18it/s]Loading weights:  82%|████████▏ | 321/390 [00:01<00:00, 410.68it/s]Loading weights: 100%|██████████| 390/390 [00:01<00:00, 310.73it/s]
[transformers] [1mDebertaV2Model LOAD REPORT[0m from: microsoft/deberta-v3-large
Key                                     | Status     |  | 
----------------------------------------+------------+--+-
lm_predictions.lm_head.bias             | UNEXPECTED |  | 
mask_predictions.LayerNorm.bias         | UNEXPECTED |  | 
mask_predictions.classifier.weight      | UNEXPECTED |  | 
mask_predictions.LayerNorm.weight       | UNEXPECTED |  | 
lm_predictions.lm_head.dense.bias       | UNEXPECTED |  | 
lm_predictions.lm_head.LayerNorm.bias   | UNEXPECTED |  | 
lm_predictions.lm_head.dense.weight     | UNEXPECTED |  | 
mask_predictions.classifier.bias        | UNEXPECTED |  | 
lm_predictions.lm_head.LayerNorm.weight | UNEXPECTED |  | 
mask_predictions.dense.bias             | UNEXPECTED |  | 
mask_predictions.dense.weight           | UNEXPECTED |  | 

Notes:
- UNEXPECTED:	can be ignored when loading from different task/architecture; not ok if you expect identical arch.
ep1 loss 4.3691 | dev MATE P 79.40 R 84.49 F1 81.87 | 85s
ep2 loss 1.4635 | dev MATE P 84.77 R 86.81 F1 85.78 | 173s
ep3 loss 0.7368 | dev MATE P 83.48 R 87.34 F1 85.37 | 267s
ep4 loss 0.3823 | dev MATE P 83.66 R 87.61 F1 85.59 | 353s
ep5 loss 0.2084 | dev MATE P 84.84 R 86.27 F1 85.55 | 436s
ep6 loss 0.0894 | dev MATE P 84.49 R 86.90 F1 85.68 | 514s
early stop (patience 4)
[dev] MATE P 84.77 R 86.81 F1 85.78
[test] MATE P 83.27 R 86.40 F1 84.81
{
  "model": "microsoft/deberta-v3-large",
  "seed": 43,
  "best_dev_F1": 85.77719066490533,
  "best_epoch": 2,
  "dev": {
    "P": 84.76936466492603,
    "R": 86.80926916221033,
    "F1": 85.77719066490533
  },
  "test": {
    "P": 83.27137546468401,
    "R": 86.40308582449373,
    "F1": 84.8083293894936
  }
}
=== [2/6] MATE seed 44 ===
Loading weights:   0%|          | 0/390 [00:00<?, ?it/s]Loading weights:   1%|          | 3/390 [00:00<00:32, 11.78it/s]Loading weights:  53%|█████▎    | 205/390 [00:00<00:00, 711.21it/s]Loading weights:  81%|████████  | 315/390 [00:00<00:00, 723.23it/s]Loading weights: 100%|██████████| 390/390 [00:00<00:00, 605.90it/s]
[transformers] [1mDebertaV2Model LOAD REPORT[0m from: microsoft/deberta-v3-large
Key                                     | Status     |  | 
----------------------------------------+------------+--+-
mask_predictions.classifier.bias        | UNEXPECTED |  | 
mask_predictions.dense.weight           | UNEXPECTED |  | 
lm_predictions.lm_head.dense.weight     | UNEXPECTED |  | 
lm_predictions.lm_head.LayerNorm.bias   | UNEXPECTED |  | 
mask_predictions.classifier.weight      | UNEXPECTED |  | 
lm_predictions.lm_head.dense.bias       | UNEXPECTED |  | 
mask_predictions.LayerNorm.weight       | UNEXPECTED |  | 
mask_predictions.dense.bias             | UNEXPECTED |  | 
lm_predictions.lm_head.bias             | UNEXPECTED |  | 
mask_predictions.LayerNorm.bias         | UNEXPECTED |  | 
lm_predictions.lm_head.LayerNorm.weight | UNEXPECTED |  | 

Notes:
- UNEXPECTED:	can be ignored when loading from different task/architecture; not ok if you expect identical arch.
ep1 loss 5.3368 | dev MATE P 80.33 R 86.99 F1 83.53 | 77s
ep2 loss 1.4346 | dev MATE P 83.21 R 88.32 F1 85.69 | 158s
ep3 loss 0.7235 | dev MATE P 84.04 R 84.94 F1 84.49 | 242s
ep4 loss 0.3319 | dev MATE P 84.80 R 87.52 F1 86.14 | 318s
ep5 loss 0.1860 | dev MATE P 83.25 R 86.36 F1 84.78 | 405s
ep6 loss 0.0781 | dev MATE P 84.80 R 86.54 F1 85.66 | 481s
ep7 loss 0.0481 | dev MATE P 84.80 R 86.01 F1 85.40 | 557s
ep8 loss 0.0347 | dev MATE P 85.03 R 86.54 F1 85.78 | 633s
early stop (patience 4)
[dev] MATE P 84.80 R 87.52 F1 86.14
[test] MATE P 82.41 R 87.66 F1 84.95
{
  "model": "microsoft/deberta-v3-large",
  "seed": 44,
  "best_dev_F1": 86.14035087719299,
  "best_epoch": 4,
  "dev": {
    "P": 84.80138169257341,
    "R": 87.5222816399287,
    "F1": 86.14035087719299
  },
  "test": {
    "P": 82.41160471441523,
    "R": 87.65670202507232,
    "F1": 84.95327102803736
  }
}
=== [3/6] ensemble candidate anchors ===
[dev] ensemble MATE P 85.73 R 88.32 F1 87.01 (1156 candidates)
[test] ensemble MATE P 83.67 R 87.95 F1 85.75 (1090 candidates)
=== [4/6] re-score text MASC members on ensemble anchors ===
Loading weights:   0%|          | 0/199 [00:00<?, ?it/s]Loading weights: 100%|██████████| 199/199 [00:00<00:00, 23106.87it/s]
[transformers] [1mRobertaModel LOAD REPORT[0m from: cardiffnlp/twitter-roberta-base-sentiment-latest
Key                        | Status     |  | 
---------------------------+------------+--+-
classifier.dense.weight    | UNEXPECTED |  | 
classifier.out_proj.weight | UNEXPECTED |  | 
classifier.out_proj.bias   | UNEXPECTED |  | 
classifier.dense.bias      | UNEXPECTED |  | 

Notes:
- UNEXPECTED:	can be ignored when loading from different task/architecture; not ok if you expect identical arch.
[dev] gold-span MASC acc 77.09 (n=1122)
[dev] scored 1156 predicted spans
[test] gold-span MASC acc 77.34 (n=1037)
[test] scored 1090 predicted spans
{
  "model": "cardiffnlp/twitter-roberta-base-sentiment-latest",
  "seed": 42,
  "best_dev_acc": -1.0,
  "best_epoch": -1,
  "dev_acc_goldspan": 77.09447415329768,
  "test_acc_goldspan": 77.33847637415622
}
Loading weights:   0%|          | 0/199 [00:00<?, ?it/s]Loading weights: 100%|██████████| 199/199 [00:00<00:00, 14180.30it/s]
[transformers] [1mRobertaModel LOAD REPORT[0m from: vinai/bertweet-base
Key                       | Status     |  | 
--------------------------+------------+--+-
lm_head.dense.bias        | UNEXPECTED |  | 
lm_head.decoder.bias      | UNEXPECTED |  | 
lm_head.dense.weight      | UNEXPECTED |  | 
lm_head.layer_norm.weight | UNEXPECTED |  | 
lm_head.bias              | UNEXPECTED |  | 
lm_head.decoder.weight    | UNEXPECTED |  | 
lm_head.layer_norm.bias   | UNEXPECTED |  | 

Notes:
- UNEXPECTED:	can be ignored when loading from different task/architecture; not ok if you expect identical arch.
[dev] gold-span MASC acc 75.31 (n=1122)
[dev] scored 1156 predicted spans
[test] gold-span MASC acc 78.11 (n=1037)
[test] scored 1090 predicted spans
{
  "model": "vinai/bertweet-base",
  "seed": 42,
  "best_dev_acc": -1.0,
  "best_epoch": -1,
  "dev_acc_goldspan": 75.31194295900178,
  "test_acc_goldspan": 78.1099324975892
}
=== [5/6] re-score PDQ member on ensemble anchors ===
{'train': 3179, 'dev': 1122, 'test': 1037}
Loading weights:   0%|          | 0/809 [00:00<?, ?it/s]Loading weights:  56%|█████▌    | 453/809 [00:00<00:00, 4527.19it/s]Loading weights: 100%|██████████| 809/809 [00:00<00:00, 3435.11it/s]
Loading weights:   0%|          | 0/199 [00:00<?, ?it/s]Loading weights: 100%|██████████| 199/199 [00:00<00:00, 2248.53it/s]
[transformers] [1mBertModel LOAD REPORT[0m from: bert-base-uncased
Key                                        | Status     |  | 
-------------------------------------------+------------+--+-
cls.seq_relationship.bias                  | UNEXPECTED |  | 
cls.predictions.transform.dense.bias       | UNEXPECTED |  | 
cls.predictions.transform.LayerNorm.weight | UNEXPECTED |  | 
cls.predictions.transform.LayerNorm.bias   | UNEXPECTED |  | 
cls.predictions.bias                       | UNEXPECTED |  | 
cls.predictions.transform.dense.weight     | UNEXPECTED |  | 
cls.seq_relationship.weight                | UNEXPECTED |  | 

Notes:
- UNEXPECTED:	can be ignored when loading from different task/architecture; not ok if you expect identical arch.
[dev] gold-span MASC acc 73.71 (n=1122)
[dev] scored 1156 predicted spans
[test] gold-span MASC acc 76.37 (n=1037)
[test] scored 1090 predicted spans
{
  "text_model": "bert-base-uncased",
  "seed": 42,
  "best_dev_acc": -1.0,
  "best_epoch": -1,
  "dev_acc": 73.70766488413547,
  "test_acc": 76.374156219865
}
=== [6/6] assemble ===
tau=0.65 mode=span
MATE   P=85.48 R=86.89 F1=86.18
a (polarity on correctly-extracted) = 77.69
JOINT  P=66.41 R=67.50 F1=66.95   (dev F1 64.83)
identity check: 86.18 x 0.7769 = 66.95
BAR P>72.8 R>73.1 F1>72.9  ->  worst margin -6.39
tau=0.54 mode=joint
MATE   P=84.31 R=87.08 F1=85.67
a (polarity on correctly-extracted) = 77.85
JOINT  P=65.64 R=67.79 F1=66.70   (dev F1 65.30)
identity check: 85.67 x 0.7785 = 66.70
BAR P>72.8 R>73.1 F1>72.9  ->  worst margin -7.16
=== QUEUE2 DONE ===
