=== [1/4] C12 minority-margin 0.5 ===
Loading weights:   0%|          | 0/389 [00:00<?, ?it/s]Loading weights: 100%|██████████| 389/389 [00:00<00:00, 13746.26it/s]
[transformers] [1mRobertaModel LOAD REPORT[0m from: vinai/bertweet-large
Key                       | Status     | 
--------------------------+------------+-
lm_head.layer_norm.weight | UNEXPECTED | 
lm_head.dense.weight      | UNEXPECTED | 
lm_head.dense.bias        | UNEXPECTED | 
lm_head.decoder.weight    | UNEXPECTED | 
lm_head.layer_norm.bias   | UNEXPECTED | 
lm_head.bias              | UNEXPECTED | 
lm_head.decoder.bias      | UNEXPECTED | 
pooler.dense.weight       | MISSING    | 
pooler.dense.bias         | MISSING    | 

Notes:
- UNEXPECTED:	can be ignored when loading from different task/architecture; not ok if you expect identical arch.
- MISSING:	those params were newly initialized because missing from the checkpoint. Consider training on your downstream task.
ep1 loss 1.2980 | dev acc 62.48 | 95s
ep2 loss 1.0766 | dev acc 63.99 | 194s
ep3 loss 0.8842 | dev acc 74.78 | 295s
ep4 loss 0.7227 | dev acc 77.36 | 396s
ep5 loss 0.4202 | dev acc 76.74 | 498s
ep6 loss 0.2047 | dev acc 75.94 | 594s
ep7 loss 0.0952 | dev acc 77.99 | 690s
ep8 loss 0.1110 | dev acc 77.54 | 793s
[dev] gold-span MASC acc 77.99 (n=1122)
[dev] scored 1165 predicted spans
[test] gold-span MASC acc 77.82 (n=1037)
[test] scored 1087 predicted spans
{
  "model": "vinai/bertweet-large",
  "seed": 90,
  "best_dev_acc": 77.98573975044563,
  "best_epoch": 7,
  "dev_acc_goldspan": 77.98573975044563,
  "test_acc_goldspan": 77.82063645130182
}
=== [2/4] C13 sibling-logit loss 0.5 ===
Loading weights:   0%|          | 0/389 [00:00<?, ?it/s]Loading weights: 100%|██████████| 389/389 [00:00<00:00, 23904.60it/s]
[transformers] [1mRobertaModel LOAD REPORT[0m from: vinai/bertweet-large
Key                       | Status     | 
--------------------------+------------+-
lm_head.dense.bias        | UNEXPECTED | 
lm_head.bias              | UNEXPECTED | 
lm_head.decoder.bias      | UNEXPECTED | 
lm_head.dense.weight      | UNEXPECTED | 
lm_head.decoder.weight    | UNEXPECTED | 
lm_head.layer_norm.bias   | UNEXPECTED | 
lm_head.layer_norm.weight | UNEXPECTED | 
pooler.dense.bias         | MISSING    | 
pooler.dense.weight       | MISSING    | 

Notes:
- UNEXPECTED:	can be ignored when loading from different task/architecture; not ok if you expect identical arch.
- MISSING:	those params were newly initialized because missing from the checkpoint. Consider training on your downstream task.
ep1 loss 1.2813 | dev acc 69.70 | 102s
ep2 loss 0.9180 | dev acc 72.10 | 210s
ep3 loss 0.6406 | dev acc 78.07 | 316s
ep4 loss 0.4871 | dev acc 76.20 | 423s
ep5 loss 0.2822 | dev acc 72.99 | 523s
ep6 loss 0.1620 | dev acc 76.74 | 629s
early stop
[dev] gold-span MASC acc 78.07 (n=1122)
[dev] scored 1165 predicted spans
[test] gold-span MASC acc 76.57 (n=1037)
[test] scored 1087 predicted spans
{
  "model": "vinai/bertweet-large",
  "seed": 91,
  "best_dev_acc": 78.07486631016043,
  "best_epoch": 3,
  "dev_acc_goldspan": 78.07486631016043,
  "test_acc_goldspan": 76.56702025072323
}
=== [3/4] C12+C13+C14 combined ===
opinion lexicon: 28914 words |polarity|>=0.3
Loading weights:   0%|          | 0/389 [00:00<?, ?it/s]Loading weights: 100%|██████████| 389/389 [00:00<00:00, 17280.07it/s]
[transformers] [1mRobertaModel LOAD REPORT[0m from: vinai/bertweet-large
Key                       | Status     | 
--------------------------+------------+-
lm_head.layer_norm.bias   | UNEXPECTED | 
lm_head.bias              | UNEXPECTED | 
lm_head.layer_norm.weight | UNEXPECTED | 
lm_head.dense.weight      | UNEXPECTED | 
lm_head.dense.bias        | UNEXPECTED | 
lm_head.decoder.bias      | UNEXPECTED | 
lm_head.decoder.weight    | UNEXPECTED | 
pooler.dense.bias         | MISSING    | 
pooler.dense.weight       | MISSING    | 

Notes:
- UNEXPECTED:	can be ignored when loading from different task/architecture; not ok if you expect identical arch.
- MISSING:	those params were newly initialized because missing from the checkpoint. Consider training on your downstream task.
ep1 loss 1.7509 | dev acc 68.54 | 112s
ep2 loss 1.3561 | dev acc 68.89 | 221s
ep3 loss 1.0667 | dev acc 76.65 | 334s
ep4 loss 0.9263 | dev acc 74.42 | 443s
ep5 loss 0.6150 | dev acc 76.20 | 544s
ep6 loss 0.3553 | dev acc 76.74 | 647s
ep7 loss 0.1829 | dev acc 76.11 | 753s
ep8 loss 0.1491 | dev acc 77.01 | 862s
[dev] gold-span MASC acc 77.01 (n=1122)
[dev] scored 1165 predicted spans
[test] gold-span MASC acc 78.59 (n=1037)
[test] scored 1087 predicted spans
{
  "model": "vinai/bertweet-large",
  "seed": 92,
  "best_dev_acc": 77.00534759358288,
  "best_epoch": 8,
  "dev_acc_goldspan": 77.00534759358288,
  "test_acc_goldspan": 78.5920925747348
}
=== [4/4] diagnose + assemble EVERYTHING ===
members: runs/masc_twrob_s42 runs/masc_btw_s43 runs/masc_deb_s44 runs/masc_btwL_s45 runs/masc_robL_s46 runs/pdq_s42 runs/pdq_twrob_s43 runs/pdq_btw_s42 runs/pdq_btwL_s47 runs/masc_btwL_bal runs/masc_deb_sqrt runs/masc_twrob_bal runs/masc_btwL_sib runs/masc_deb_sib runs/masc_btwL_sibbal runs/masc_btwL_mm runs/masc_btwL_sibloss runs/masc_btwL_combo runs/masc_gate_btwL_cvx runs/masc_gate_btwL_cat runs/masc_gate_deb_cat
21 members on 1037 shared gold aspects (test)

  masc_twrob_s42           acc 77.34
  masc_btw_s43             acc 78.11
  masc_deb_s44             acc 79.36
  masc_btwL_s45            acc 79.75
  masc_robL_s46            acc 78.78
  pdq_s42                  acc 76.37
  pdq_twrob_s43            acc 78.78
  pdq_btw_s42              acc 70.78
  pdq_btwL_s47             acc 79.94
  masc_btwL_bal            acc 78.88
  masc_deb_sqrt            acc 79.36
  masc_twrob_bal           acc 77.24
  masc_btwL_sib            acc 76.95
  masc_deb_sib             acc 77.82
  masc_btwL_sibbal         acc 77.05
  masc_btwL_mm             acc 77.82
  masc_btwL_sibloss        acc 76.57
  masc_btwL_combo          acc 78.59
  masc_gate_btwL_cvx       acc 77.15
  masc_gate_btwL_cat       acc 79.36
  masc_gate_deb_cat        acc 77.72

  MAJORITY-VOTE-equivalent oracle (any member right): 96.43
  all-wrong (nothing can fix): 3.57

  pairwise error correlation (ratio > 1 = correlated, ~1 = independent):
  pair                                         both_wrong    indep   ratio
  masc_twrob_s42 | masc_btw_s43                     0.150    0.050    3.03
  masc_twrob_s42 | masc_deb_s44                     0.135    0.047    2.89
  masc_twrob_s42 | masc_btwL_s45                    0.143    0.046    3.11
  masc_twrob_s42 | masc_robL_s46                    0.151    0.048    3.15
  masc_twrob_s42 | pdq_s42                          0.145    0.054    2.70
  masc_twrob_s42 | pdq_twrob_s43                    0.158    0.048    3.29
  masc_twrob_s42 | pdq_btw_s42                      0.109    0.066    1.65
  masc_twrob_s42 | pdq_btwL_s47                     0.143    0.045    3.14
  masc_twrob_s42 | masc_btwL_bal                    0.148    0.048    3.08
  masc_twrob_s42 | masc_deb_sqrt                    0.139    0.047    2.97
  masc_twrob_s42 | masc_twrob_bal                   0.173    0.052    3.35
  masc_twrob_s42 | masc_btwL_sib                    0.167    0.052    3.19
  masc_twrob_s42 | masc_deb_sib                     0.144    0.050    2.86
  masc_twrob_s42 | masc_btwL_sibbal                 0.141    0.052    2.71
  masc_twrob_s42 | masc_btwL_mm                     0.158    0.050    3.15
  masc_twrob_s42 | masc_btwL_sibloss                0.150    0.053    2.83
  masc_twrob_s42 | masc_btwL_combo                  0.135    0.049    2.78
  masc_twrob_s42 | masc_gate_btwL_cvx               0.140    0.052    2.70
  masc_twrob_s42 | masc_gate_btwL_cat               0.139    0.047    2.97
  masc_twrob_s42 | masc_gate_deb_cat                0.136    0.050    2.69
  masc_btw_s43 | masc_deb_s44                       0.137    0.045    3.03
  masc_btw_s43 | masc_btwL_s45                      0.149    0.044    3.35
  masc_btw_s43 | masc_robL_s46                      0.148    0.046    3.18
  masc_btw_s43 | pdq_s42                            0.131    0.052    2.54
  masc_btw_s43 | pdq_twrob_s43                      0.141    0.046    3.03
  masc_btw_s43 | pdq_btw_s42                        0.115    0.064    1.79
  masc_btw_s43 | pdq_btwL_s47                       0.145    0.044    3.29
  masc_btw_s43 | masc_btwL_bal                      0.146    0.046    3.15
  masc_btw_s43 | masc_deb_sqrt                      0.145    0.045    3.20
  masc_btw_s43 | masc_twrob_bal                     0.148    0.050    2.96
  masc_btw_s43 | masc_btwL_sib                      0.159    0.050    3.15
  masc_btw_s43 | masc_deb_sib                       0.142    0.049    2.92
  masc_btw_s43 | masc_btwL_sibbal                   0.146    0.050    2.90
  masc_btw_s43 | masc_btwL_mm                       0.151    0.049    3.12
  masc_btw_s43 | masc_btwL_sibloss                  0.156    0.051    3.05
  masc_btw_s43 | masc_btwL_combo                    0.147    0.047    3.13
  masc_btw_s43 | masc_gate_btwL_cvx                 0.147    0.050    2.93
  masc_btw_s43 | masc_gate_btwL_cat                 0.141    0.045    3.12
  masc_btw_s43 | masc_gate_deb_cat                  0.139    0.049    2.85
  masc_deb_s44 | masc_btwL_s45                      0.130    0.042    3.12
  masc_deb_s44 | masc_robL_s46                      0.141    0.044    3.22
  masc_deb_s44 | pdq_s42                            0.130    0.049    2.67
  masc_deb_s44 | pdq_twrob_s43                      0.127    0.044    2.91
  masc_deb_s44 | pdq_btw_s42                        0.106    0.060    1.76
  masc_deb_s44 | pdq_btwL_s47                       0.131    0.041    3.17
  masc_deb_s44 | masc_btwL_bal                      0.145    0.044    3.32
  masc_deb_s44 | masc_deb_sqrt                      0.162    0.043    3.80
  masc_deb_s44 | masc_twrob_bal                     0.134    0.047    2.85
  masc_deb_s44 | masc_btwL_sib                      0.144    0.048    3.02
  masc_deb_s44 | masc_deb_sib                       0.164    0.046    3.58
  masc_deb_s44 | masc_btwL_sibbal                   0.142    0.047    2.99
  masc_deb_s44 | masc_btwL_mm                       0.144    0.046    3.14
  masc_deb_s44 | masc_btwL_sibloss                  0.141    0.048    2.91
  masc_deb_s44 | masc_btwL_combo                    0.136    0.044    3.08
  masc_deb_s44 | masc_gate_btwL_cvx                 0.146    0.047    3.09
  masc_deb_s44 | masc_gate_btwL_cat                 0.139    0.043    3.26
  masc_deb_s44 | masc_gate_deb_cat                  0.147    0.046    3.19
  masc_btwL_s45 | masc_robL_s46                     0.153    0.043    3.57
  masc_btwL_s45 | pdq_s42                           0.128    0.048    2.68
  masc_btwL_s45 | pdq_twrob_s43                     0.136    0.043    3.16
  masc_btwL_s45 | pdq_btw_s42                       0.109    0.059    1.84
  masc_btwL_s45 | pdq_btwL_s47                      0.152    0.041    3.75
  masc_btwL_s45 | masc_btwL_bal                     0.156    0.043    3.65
  masc_btwL_s45 | masc_deb_sqrt                     0.143    0.042    3.42
  masc_btwL_s45 | masc_twrob_bal                    0.131    0.046    2.85
  masc_btwL_s45 | masc_btwL_sib                     0.161    0.047    3.45
  masc_btwL_s45 | masc_deb_sib                      0.140    0.045    3.11
  masc_btwL_s45 | masc_btwL_sibbal                  0.148    0.046    3.17
  masc_btwL_s45 | masc_btwL_mm                      0.163    0.045    3.63
  masc_btwL_s45 | masc_btwL_sibloss                 0.151    0.047    3.19
  masc_btwL_s45 | masc_btwL_combo                   0.153    0.043    3.54
  masc_btwL_s45 | masc_gate_btwL_cvx                0.147    0.046    3.17
  masc_btwL_s45 | masc_gate_btwL_cat                0.158    0.042    3.78
  masc_btwL_s45 | masc_gate_deb_cat                 0.139    0.045    3.08
  masc_robL_s46 | pdq_s42                           0.135    0.050    2.69
  masc_robL_s46 | pdq_twrob_s43                     0.141    0.045    3.13
  masc_robL_s46 | pdq_btw_s42                       0.107    0.062    1.73
  masc_robL_s46 | pdq_btwL_s47                      0.141    0.043    3.31
  masc_robL_s46 | masc_btwL_bal                     0.147    0.045    3.27
  masc_robL_s46 | masc_deb_sqrt                     0.152    0.044    3.48
  masc_robL_s46 | masc_twrob_bal                    0.141    0.048    2.92
  masc_robL_s46 | masc_btwL_sib                     0.162    0.049    3.31
  masc_robL_s46 | masc_deb_sib                      0.147    0.047    3.12
  masc_robL_s46 | masc_btwL_sibbal                  0.148    0.049    3.03
  masc_robL_s46 | masc_btwL_mm                      0.163    0.047    3.46
  masc_robL_s46 | masc_btwL_sibloss                 0.147    0.050    2.95
  masc_robL_s46 | masc_btwL_combo                   0.145    0.045    3.18
  masc_robL_s46 | masc_gate_btwL_cvx                0.148    0.048    3.04
  masc_robL_s46 | masc_gate_btwL_cat                0.148    0.044    3.37
  masc_robL_s46 | masc_gate_deb_cat                 0.144    0.047    3.04
  pdq_s42 | pdq_twrob_s43                           0.135    0.050    2.69
  pdq_s42 | pdq_btw_s42                             0.132    0.069    1.91
  pdq_s42 | pdq_btwL_s47                            0.128    0.047    2.71
  pdq_s42 | masc_btwL_bal                           0.132    0.050    2.65
  pdq_s42 | masc_deb_sqrt                           0.131    0.049    2.69
  pdq_s42 | masc_twrob_bal                          0.144    0.054    2.67
  pdq_s42 | masc_btwL_sib                           0.143    0.054    2.62
  pdq_s42 | masc_deb_sib                            0.133    0.052    2.54
  pdq_s42 | masc_btwL_sibbal                        0.133    0.054    2.45
  pdq_s42 | masc_btwL_mm                            0.139    0.052    2.65
  pdq_s42 | masc_btwL_sibloss                       0.138    0.055    2.49
  pdq_s42 | masc_btwL_combo                         0.122    0.051    2.42
  pdq_s42 | masc_gate_btwL_cvx                      0.135    0.054    2.50
  pdq_s42 | masc_gate_btwL_cat                      0.129    0.049    2.65
  pdq_s42 | masc_gate_deb_cat                       0.129    0.053    2.46
  pdq_twrob_s43 | pdq_btw_s42                       0.100    0.062    1.62
  pdq_twrob_s43 | pdq_btwL_s47                      0.141    0.043    3.31
  pdq_twrob_s43 | masc_btwL_bal                     0.145    0.045    3.23
  pdq_twrob_s43 | masc_deb_sqrt                     0.134    0.044    3.06
  pdq_twrob_s43 | masc_twrob_bal                    0.162    0.048    3.36
  pdq_twrob_s43 | masc_btwL_sib                     0.149    0.049    3.04
  pdq_twrob_s43 | masc_deb_sib                      0.134    0.047    2.85
  pdq_twrob_s43 | masc_btwL_sibbal                  0.133    0.049    2.73
  pdq_twrob_s43 | masc_btwL_mm                      0.147    0.047    3.12
  pdq_twrob_s43 | masc_btwL_sibloss                 0.143    0.050    2.87
  pdq_twrob_s43 | masc_btwL_combo                   0.138    0.045    3.04
  pdq_twrob_s43 | masc_gate_btwL_cvx                0.131    0.048    2.70
  pdq_twrob_s43 | masc_gate_btwL_cat                0.132    0.044    3.02
  pdq_twrob_s43 | masc_gate_deb_cat                 0.129    0.047    2.73
  pdq_btw_s42 | pdq_btwL_s47                        0.106    0.059    1.81
  pdq_btw_s42 | masc_btwL_bal                       0.102    0.062    1.66
  pdq_btw_s42 | masc_deb_sqrt                       0.103    0.060    1.71
  pdq_btw_s42 | masc_twrob_bal                      0.109    0.066    1.64
  pdq_btw_s42 | masc_btwL_sib                       0.116    0.067    1.72
  pdq_btw_s42 | masc_deb_sib                        0.105    0.065    1.62
  pdq_btw_s42 | masc_btwL_sibbal                    0.099    0.067    1.48
  pdq_btw_s42 | masc_btwL_mm                        0.110    0.065    1.70
  pdq_btw_s42 | masc_btwL_sibloss                   0.107    0.068    1.56
  pdq_btw_s42 | masc_btwL_combo                     0.105    0.063    1.68
  pdq_btw_s42 | masc_gate_btwL_cvx                  0.120    0.067    1.79
  pdq_btw_s42 | masc_gate_btwL_cat                  0.111    0.060    1.84
  pdq_btw_s42 | masc_gate_deb_cat                   0.116    0.065    1.78
  pdq_btwL_s47 | masc_btwL_bal                      0.149    0.042    3.53
  pdq_btwL_s47 | masc_deb_sqrt                      0.139    0.041    3.35
  pdq_btwL_s47 | masc_twrob_bal                     0.136    0.046    2.98
  pdq_btwL_s47 | masc_btwL_sib                      0.156    0.046    3.38
  pdq_btwL_s47 | masc_deb_sib                       0.141    0.044    3.16
  pdq_btwL_s47 | masc_btwL_sibbal                   0.148    0.046    3.21
  pdq_btwL_s47 | masc_btwL_mm                       0.154    0.044    3.47
  pdq_btwL_s47 | masc_btwL_sibloss                  0.154    0.047    3.28
  pdq_btwL_s47 | masc_btwL_combo                    0.145    0.043    3.37
  pdq_btwL_s47 | masc_gate_btwL_cvx                 0.151    0.046    3.30
  pdq_btwL_s47 | masc_gate_btwL_cat                 0.146    0.041    3.52
  pdq_btwL_s47 | masc_gate_deb_cat                  0.137    0.045    3.06
  masc_btwL_bal | masc_deb_sqrt                     0.147    0.044    3.36
  masc_btwL_bal | masc_twrob_bal                    0.141    0.048    2.93
  masc_btwL_bal | masc_btwL_sib                     0.159    0.049    3.27
  masc_btwL_bal | masc_deb_sib                      0.146    0.047    3.11
  masc_btwL_bal | masc_btwL_sibbal                  0.160    0.048    3.30
  masc_btwL_bal | masc_btwL_mm                      0.168    0.047    3.58
  masc_btwL_bal | masc_btwL_sibloss                 0.160    0.049    3.23
  masc_btwL_bal | masc_btwL_combo                   0.155    0.045    3.43
  masc_btwL_bal | masc_gate_btwL_cvx                0.150    0.048    3.12
  masc_btwL_bal | masc_gate_btwL_cat                0.159    0.044    3.65
  masc_btwL_bal | masc_gate_deb_cat                 0.136    0.047    2.89
  masc_deb_sqrt | masc_twrob_bal                    0.137    0.047    2.92
  masc_deb_sqrt | masc_btwL_sib                     0.149    0.048    3.12
  masc_deb_sqrt | masc_deb_sib                      0.164    0.046    3.58
  masc_deb_sqrt | masc_btwL_sibbal                  0.145    0.047    3.05
  masc_deb_sqrt | masc_btwL_mm                      0.148    0.046    3.22
  masc_deb_sqrt | masc_btwL_sibloss                 0.147    0.048    3.03
  masc_deb_sqrt | masc_btwL_combo                   0.139    0.044    3.14
  masc_deb_sqrt | masc_gate_btwL_cvx                0.144    0.047    3.05
  masc_deb_sqrt | masc_gate_btwL_cat                0.142    0.043    3.33
  masc_deb_sqrt | masc_gate_deb_cat                 0.153    0.046    3.34
  masc_twrob_bal | masc_btwL_sib                    0.156    0.052    2.98
  masc_twrob_bal | masc_deb_sib                     0.140    0.050    2.77
  masc_twrob_bal | masc_btwL_sibbal                 0.145    0.052    2.77
  masc_twrob_bal | masc_btwL_mm                     0.137    0.050    2.71
  masc_twrob_bal | masc_btwL_sibloss                0.154    0.053    2.89
  masc_twrob_bal | masc_btwL_combo                  0.127    0.049    2.61
  masc_twrob_bal | masc_gate_btwL_cvx               0.126    0.052    2.43
  masc_twrob_bal | masc_gate_btwL_cat               0.132    0.047    2.81
  masc_twrob_bal | masc_gate_deb_cat                0.126    0.051    2.49
  masc_btwL_sib | masc_deb_sib                      0.158    0.051    3.09
  masc_btwL_sib | masc_btwL_sibbal                  0.157    0.053    2.97
  masc_btwL_sib | masc_btwL_mm                      0.170    0.051    3.32
  masc_btwL_sib | masc_btwL_sibloss                 0.164    0.054    3.04
  masc_btwL_sib | masc_btwL_combo                   0.152    0.049    3.09
  masc_btwL_sib | masc_gate_btwL_cvx                0.154    0.053    2.93
  masc_btwL_sib | masc_gate_btwL_cat                0.154    0.048    3.24
  masc_btwL_sib | masc_gate_deb_cat                 0.152    0.051    2.97
  masc_deb_sib | masc_btwL_sibbal                   0.151    0.051    2.97
  masc_deb_sib | masc_btwL_mm                       0.150    0.049    3.06
  masc_deb_sib | masc_btwL_sibloss                  0.146    0.052    2.80
  masc_deb_sib | masc_btwL_combo                    0.148    0.047    3.11
  masc_deb_sib | masc_gate_btwL_cvx                 0.142    0.051    2.80
  masc_deb_sib | masc_gate_btwL_cat                 0.145    0.046    3.16
  masc_deb_sib | masc_gate_deb_cat                  0.151    0.049    3.06
  masc_btwL_sibbal | masc_btwL_mm                   0.155    0.051    3.05
  masc_btwL_sibbal | masc_btwL_sibloss              0.162    0.054    3.01
  masc_btwL_sibbal | masc_btwL_combo                0.149    0.049    3.02
  masc_btwL_sibbal | masc_gate_btwL_cvx             0.152    0.052    2.90
  masc_btwL_sibbal | masc_gate_btwL_cat             0.140    0.047    2.95
  masc_btwL_sibbal | masc_gate_deb_cat              0.135    0.051    2.64
  masc_btwL_mm | masc_btwL_sibloss                  0.160    0.052    3.08
  masc_btwL_mm | masc_btwL_combo                    0.162    0.047    3.41
  masc_btwL_mm | masc_gate_btwL_cvx                 0.163    0.051    3.22
  masc_btwL_mm | masc_gate_btwL_cat                 0.158    0.046    3.46
  masc_btwL_mm | masc_gate_deb_cat                  0.144    0.049    2.91
  masc_btwL_sibloss | masc_btwL_combo               0.149    0.050    2.98
  masc_btwL_sibloss | masc_gate_btwL_cvx            0.154    0.054    2.88
  masc_btwL_sibloss | masc_gate_btwL_cat            0.148    0.048    3.05
  masc_btwL_sibloss | masc_gate_deb_cat             0.149    0.052    2.84
  masc_btwL_combo | masc_gate_btwL_cvx              0.150    0.049    3.07
  masc_btwL_combo | masc_gate_btwL_cat              0.147    0.044    3.32
  masc_btwL_combo | masc_gate_deb_cat               0.134    0.048    2.81
  masc_gate_btwL_cvx | masc_gate_btwL_cat           0.149    0.047    3.17
  masc_gate_btwL_cvx | masc_gate_deb_cat            0.153    0.051    3.01
  masc_gate_btwL_cat | masc_gate_deb_cat            0.143    0.046    3.10

  unique-right share (member correct where ALL others are wrong):
    masc_twrob_s42           0.10%
    masc_btw_s43             0.10%
    masc_deb_s44             0.00%
    masc_btwL_s45            0.00%
    masc_robL_s46            0.00%
    pdq_s42                  0.00%
    pdq_twrob_s43            0.10%
    pdq_btw_s42              0.87%
    pdq_btwL_s47             0.00%
    masc_btwL_bal            0.00%
    masc_deb_sqrt            0.00%
    masc_twrob_bal           0.00%
    masc_btwL_sib            0.00%
    masc_deb_sib             0.10%
    masc_btwL_sibbal         0.19%
    masc_btwL_mm             0.00%
    masc_btwL_sibloss        0.19%
    masc_btwL_combo          0.00%
    masc_gate_btwL_cvx       0.00%
    masc_gate_btwL_cat       0.00%
    masc_gate_deb_cat        0.10%
tau=0.71 mode=span
MATE   P=87.31 R=87.56 F1=87.43
a (polarity on correctly-extracted) = 80.29
JOINT  P=70.10 R=70.30 F1=70.20   (dev F1 68.27)
identity check: 87.43 x 0.8029 = 70.20
BAR P>72.8 R>73.1 F1>72.9  ->  worst margin -2.80
tau=0.56 mode=joint
MATE   P=86.08 R=87.66 F1=86.86
a (polarity on correctly-extracted) = 80.75
JOINT  P=69.51 R=70.78 F1=70.14   (dev F1 67.91)
identity check: 86.86 x 0.8075 = 70.14
BAR P>72.8 R>73.1 F1>72.9  ->  worst margin -3.29
=== QUEUE13 DONE ===
