=== [1/4] PDQ + bertweet text encoder ===
{'train': 3179, 'dev': 1122, 'test': 1037}
Loading weights:   0%|          | 0/809 [00:00<?, ?it/s]Loading weights: 100%|██████████| 809/809 [00:00<00:00, 13341.95it/s]
Loading weights:   0%|          | 0/199 [00:00<?, ?it/s]Loading weights: 100%|██████████| 199/199 [00:00<00:00, 11648.08it/s]
[transformers] [1mRobertaModel LOAD REPORT[0m from: vinai/bertweet-base
Key                       | Status     |  | 
--------------------------+------------+--+-
lm_head.bias              | UNEXPECTED |  | 
lm_head.dense.bias        | UNEXPECTED |  | 
lm_head.dense.weight      | UNEXPECTED |  | 
lm_head.layer_norm.bias   | UNEXPECTED |  | 
lm_head.decoder.weight    | UNEXPECTED |  | 
lm_head.decoder.bias      | UNEXPECTED |  | 
lm_head.layer_norm.weight | UNEXPECTED |  | 

Notes:
- UNEXPECTED:	can be ignored when loading from different task/architecture; not ok if you expect identical arch.
ep1 loss 0.5813 | dev MASC acc 59.71 | 124s
ep2 loss 0.5549 | dev MASC acc 60.78 | 246s
ep3 loss 0.6285 | dev MASC acc 19.96 | 366s
ep4 loss 0.5621 | dev MASC acc 59.71 | 485s
ep5 loss 0.4974 | dev MASC acc 65.78 | 600s
ep6 loss 0.4138 | dev MASC acc 67.11 | 723s
ep7 loss 0.3663 | dev MASC acc 64.88 | 843s
ep8 loss 0.3243 | dev MASC acc 65.69 | 962s
[dev] gold-span MASC acc 67.11 (n=1122)
[dev] scored 1156 predicted spans
[test] gold-span MASC acc 70.78 (n=1037)
[test] scored 1090 predicted spans
{
  "text_model": "vinai/bertweet-base",
  "seed": 42,
  "best_dev_acc": 67.11229946524064,
  "best_epoch": 6,
  "dev_acc": 67.11229946524064,
  "test_acc": 70.7810993249759
}
=== [2/4] PDQ + twitter-roberta text encoder ===
{'train': 3179, 'dev': 1122, 'test': 1037}
Loading weights:   0%|          | 0/809 [00:00<?, ?it/s]Loading weights:  77%|███████▋  | 623/809 [00:00<00:00, 6229.03it/s]Loading weights: 100%|██████████| 809/809 [00:00<00:00, 6600.00it/s]
Loading weights:   0%|          | 0/199 [00:00<?, ?it/s]Loading weights: 100%|██████████| 199/199 [00:00<00:00, 8303.49it/s]
[transformers] [1mRobertaModel LOAD REPORT[0m from: cardiffnlp/twitter-roberta-base-sentiment-latest
Key                        | Status     |  | 
---------------------------+------------+--+-
classifier.out_proj.weight | UNEXPECTED |  | 
classifier.out_proj.bias   | UNEXPECTED |  | 
classifier.dense.bias      | UNEXPECTED |  | 
classifier.dense.weight    | UNEXPECTED |  | 

Notes:
- UNEXPECTED:	can be ignored when loading from different task/architecture; not ok if you expect identical arch.
ep1 loss 0.4973 | dev MASC acc 70.77 | 118s
ep2 loss 0.3527 | dev MASC acc 71.12 | 238s
ep3 loss 0.2630 | dev MASC acc 75.94 | 361s
ep4 loss 0.1720 | dev MASC acc 74.33 | 481s
ep5 loss 0.1229 | dev MASC acc 76.20 | 564s
ep6 loss 0.0829 | dev MASC acc 76.56 | 638s
ep7 loss 0.0555 | dev MASC acc 75.94 | 712s
ep8 loss 0.0411 | dev MASC acc 76.11 | 780s
[dev] gold-span MASC acc 76.56 (n=1122)
[dev] scored 1156 predicted spans
[test] gold-span MASC acc 78.78 (n=1037)
[test] scored 1090 predicted spans
{
  "text_model": "cardiffnlp/twitter-roberta-base-sentiment-latest",
  "seed": 43,
  "best_dev_acc": 76.55971479500892,
  "best_epoch": 6,
  "dev_acc": 76.55971479500892,
  "test_acc": 78.78495660559307
}
=== [3/4] correlation diagnostic over all MASC members ===
5 members on 1037 shared gold aspects (test)

  masc_twrob_s42           acc 77.34
  masc_btw_s43             acc 78.11
  pdq_s42                  acc 76.37
  pdq_btw_s42              acc 70.78
  pdq_twrob_s43            acc 78.78

  MAJORITY-VOTE-equivalent oracle (any member right): 93.44
  all-wrong (nothing can fix): 6.56

  pairwise error correlation (ratio > 1 = correlated, ~1 = independent):
  pair                                         both_wrong    indep   ratio
  masc_twrob_s42 | masc_btw_s43                     0.150    0.050    3.03
  masc_twrob_s42 | pdq_s42                          0.145    0.054    2.70
  masc_twrob_s42 | pdq_btw_s42                      0.109    0.066    1.65
  masc_twrob_s42 | pdq_twrob_s43                    0.158    0.048    3.29
  masc_btw_s43 | pdq_s42                            0.131    0.052    2.54
  masc_btw_s43 | pdq_btw_s42                        0.115    0.064    1.79
  masc_btw_s43 | pdq_twrob_s43                      0.141    0.046    3.03
  pdq_s42 | pdq_btw_s42                             0.132    0.069    1.91
  pdq_s42 | pdq_twrob_s43                           0.135    0.050    2.69
  pdq_btw_s42 | pdq_twrob_s43                       0.100    0.062    1.62

  unique-right share (member correct where ALL others are wrong):
    masc_twrob_s42           0.68%
    masc_btw_s43             0.96%
    pdq_s42                  0.29%
    pdq_btw_s42              3.38%
    pdq_twrob_s43            0.58%
=== [4/4] assemble with the full member set ===
tau=0.65 mode=span
MATE   P=85.48 R=86.89 F1=86.18
a (polarity on correctly-extracted) = 80.13
JOINT  P=68.50 R=69.62 F1=69.06   (dev F1 66.25)
identity check: 86.18 x 0.8013 = 69.06
BAR P>72.8 R>73.1 F1>72.9  ->  worst margin -4.30
tau=0.54 mode=joint
MATE   P=84.35 R=86.79 F1=85.55
a (polarity on correctly-extracted) = 80.44
JOINT  P=67.85 R=69.82 F1=68.82   (dev F1 66.79)
identity check: 85.55 x 0.8044 = 68.82
BAR P>72.8 R>73.1 F1>72.9  ->  worst margin -4.95
=== QUEUE3 DONE ===
