=== [1/2] MATE probe: lr 1e-5, head-lr 1e-4, 16 epochs, dropout 0.3 ===
Loading weights:   0%|          | 0/390 [00:00<?, ?it/s]Loading weights:   1%|          | 3/390 [00:00<00:47,  8.13it/s]Loading weights:  39%|███▊      | 151/390 [00:00<00:00, 399.59it/s]Loading weights:  66%|██████▌   | 257/390 [00:00<00:00, 560.22it/s]Loading weights:  87%|████████▋ | 341/390 [00:00<00:00, 460.54it/s]Loading weights: 100%|██████████| 390/390 [00:00<00:00, 405.56it/s]
[transformers] [1mDebertaV2Model LOAD REPORT[0m from: microsoft/deberta-v3-large
Key                                     | Status     |  | 
----------------------------------------+------------+--+-
mask_predictions.dense.weight           | UNEXPECTED |  | 
mask_predictions.LayerNorm.bias         | UNEXPECTED |  | 
mask_predictions.classifier.weight      | UNEXPECTED |  | 
lm_predictions.lm_head.LayerNorm.weight | UNEXPECTED |  | 
mask_predictions.LayerNorm.weight       | UNEXPECTED |  | 
lm_predictions.lm_head.LayerNorm.bias   | UNEXPECTED |  | 
lm_predictions.lm_head.dense.weight     | UNEXPECTED |  | 
lm_predictions.lm_head.bias             | UNEXPECTED |  | 
mask_predictions.classifier.bias        | UNEXPECTED |  | 
mask_predictions.dense.bias             | UNEXPECTED |  | 
lm_predictions.lm_head.dense.bias       | UNEXPECTED |  | 

Notes:
- UNEXPECTED:	can be ignored when loading from different task/architecture; not ok if you expect identical arch.
Traceback (most recent call last):
  File "/teamspace/studios/this_studio/experts/mate_expert.py", line 320, in <module>
    main()
  File "/teamspace/studios/this_studio/experts/mate_expert.py", line 287, in main
    scaler.step(opt)
  File "/home/zeus/miniconda3/envs/cloudspace/lib/python3.12/site-packages/torch/amp/grad_scaler.py", line 465, in step
    retval = self._maybe_opt_step(optimizer, optimizer_state, *args, **kwargs)
             ^^^^^^^^^^^^^^^^^^^^^^^^^^^^^^^^^^^^^^^^^^^^^^^^^^^^^^^^^^^^^^^^^
  File "/home/zeus/miniconda3/envs/cloudspace/lib/python3.12/site-packages/torch/amp/grad_scaler.py", line 360, in _maybe_opt_step
    retval = optimizer.step(*args, **kwargs)
             ^^^^^^^^^^^^^^^^^^^^^^^^^^^^^^^
  File "/home/zeus/miniconda3/envs/cloudspace/lib/python3.12/site-packages/torch/optim/lr_scheduler.py", line 133, in wrapper
    return func.__get__(opt, opt.__class__)(*args, **kwargs)
           ^^^^^^^^^^^^^^^^^^^^^^^^^^^^^^^^^^^^^^^^^^^^^^^^^
  File "/home/zeus/miniconda3/envs/cloudspace/lib/python3.12/site-packages/torch/optim/optimizer.py", line 516, in wrapper
    out = func(*args, **kwargs)
          ^^^^^^^^^^^^^^^^^^^^^
  File "/home/zeus/miniconda3/envs/cloudspace/lib/python3.12/site-packages/torch/optim/optimizer.py", line 81, in _use_grad
    ret = func(*args, **kwargs)
          ^^^^^^^^^^^^^^^^^^^^^
  File "/home/zeus/miniconda3/envs/cloudspace/lib/python3.12/site-packages/torch/optim/adam.py", line 237, in step
    has_complex = self._init_group(
                  ^^^^^^^^^^^^^^^^^
  File "/home/zeus/miniconda3/envs/cloudspace/lib/python3.12/site-packages/torch/_dynamo/eval_frame.py", line 929, in _fn
    return fn(*args, **kwargs)
           ^^^^^^^^^^^^^^^^^^^
  File "/home/zeus/miniconda3/envs/cloudspace/lib/python3.12/site-packages/torch/optim/adam.py", line 177, in _init_group
    state["exp_avg"] = torch.zeros_like(
                       ^^^^^^^^^^^^^^^^^
torch.OutOfMemoryError: CUDA out of memory. Tried to allocate 20.00 MiB. GPU 0 has a total capacity of 14.56 GiB of which 6.75 MiB is free. Process 408799 has 8.68 GiB memory in use. Including non-PyTorch memory, this process has 5.88 GiB memory in use. Of the allocated memory 5.65 GiB is allocated by PyTorch, and 94.75 MiB is reserved by PyTorch but unallocated. If reserved but unallocated memory is large try setting PYTORCH_CUDA_ALLOC_CONF=expandable_segments:True to avoid fragmentation.  See documentation for Memory Management  (https://pytorch.org/docs/stable/notes/cuda.html#environment-variables)
