=== [1/4] gated MASC, bertweet-large, convex fusion (faithful Eq.14/16) ===
Loading weights:   0%|          | 0/389 [00:00<?, ?it/s]Loading weights: 100%|██████████| 389/389 [00:00<00:00, 15001.28it/s]
[transformers] [1mRobertaModel LOAD REPORT[0m from: vinai/bertweet-large
Key                       | Status     | 
--------------------------+------------+-
lm_head.layer_norm.weight | UNEXPECTED | 
lm_head.layer_norm.bias   | UNEXPECTED | 
lm_head.dense.bias        | UNEXPECTED | 
lm_head.bias              | UNEXPECTED | 
lm_head.dense.weight      | UNEXPECTED | 
lm_head.decoder.weight    | UNEXPECTED | 
lm_head.decoder.bias      | UNEXPECTED | 
pooler.dense.bias         | MISSING    | 
pooler.dense.weight       | MISSING    | 

Notes:
- UNEXPECTED:	can be ignored when loading from different task/architecture; not ok if you expect identical arch.
- MISSING:	those params were newly initialized because missing from the checkpoint. Consider training on your downstream task.
ep1 loss 1.1707 | dev acc 71.66 | mean gate 0.504 | 103s
ep2 loss 0.8699 | dev acc 77.18 | mean gate 0.490 | 208s
ep3 loss 0.6434 | dev acc 73.98 | mean gate 0.464 | 316s
ep4 loss 0.4998 | dev acc 73.80 | mean gate 0.430 | 419s
ep5 loss 0.3664 | dev acc 75.67 | mean gate 0.408 | 521s
early stop
[dev] gold-span MASC acc 77.18 | mean gate 0.490
[dev] scored 1165 predicted spans
[test] gold-span MASC acc 77.15 | mean gate 0.483
[test] scored 1087 predicted spans
{
  "model": "vinai/bertweet-large",
  "seed": 50,
  "fuse": "convex",
  "best_dev_acc": 77.18360071301248,
  "best_epoch": 2,
  "dev_acc_goldspan": 77.18360071301248,
  "dev_mean_gate": 0.4896693825721741,
  "test_acc_goldspan": 77.14561234329797,
  "test_mean_gate": 0.48314011096954346
}
=== [2/4] gated MASC, bertweet-large, concat fusion (minimal deviation) ===
Loading weights:   0%|          | 0/389 [00:00<?, ?it/s]Loading weights: 100%|██████████| 389/389 [00:00<00:00, 12396.36it/s]
[transformers] [1mRobertaModel LOAD REPORT[0m from: vinai/bertweet-large
Key                       | Status     | 
--------------------------+------------+-
lm_head.layer_norm.weight | UNEXPECTED | 
lm_head.decoder.weight    | UNEXPECTED | 
lm_head.bias              | UNEXPECTED | 
lm_head.dense.bias        | UNEXPECTED | 
lm_head.decoder.bias      | UNEXPECTED | 
lm_head.dense.weight      | UNEXPECTED | 
lm_head.layer_norm.bias   | UNEXPECTED | 
pooler.dense.weight       | MISSING    | 
pooler.dense.bias         | MISSING    | 

Notes:
- UNEXPECTED:	can be ignored when loading from different task/architecture; not ok if you expect identical arch.
- MISSING:	those params were newly initialized because missing from the checkpoint. Consider training on your downstream task.
ep1 loss 1.1346 | dev acc 68.89 | mean gate 0.515 | 103s
ep2 loss 0.8156 | dev acc 76.65 | mean gate 0.505 | 209s
ep3 loss 0.5989 | dev acc 75.67 | mean gate 0.480 | 320s
ep4 loss 0.4520 | dev acc 75.85 | mean gate 0.455 | 422s
ep5 loss 0.3402 | dev acc 77.27 | mean gate 0.440 | 524s
ep6 loss 0.2676 | dev acc 77.27 | mean gate 0.433 | 632s
ep7 loss 0.2233 | dev acc 77.81 | mean gate 0.429 | 734s
ep8 loss 0.2162 | dev acc 78.34 | mean gate 0.428 | 841s
[dev] gold-span MASC acc 78.34 | mean gate 0.428
[dev] scored 1165 predicted spans
[test] gold-span MASC acc 79.36 | mean gate 0.423
[test] scored 1087 predicted spans
{
  "model": "vinai/bertweet-large",
  "seed": 51,
  "fuse": "concat",
  "best_dev_acc": 78.34224598930481,
  "best_epoch": 8,
  "dev_acc_goldspan": 78.34224598930481,
  "dev_mean_gate": 0.4281114935874939,
  "test_acc_goldspan": 79.36354869816779,
  "test_mean_gate": 0.42321717739105225
}
=== [3/4] gated MASC, deberta-v3-large, concat fusion ===
Loading weights:   0%|          | 0/390 [00:00<?, ?it/s]Loading weights:   1%|          | 3/390 [00:01<02:09,  2.98it/s]Loading weights:  95%|█████████▍| 369/390 [00:01<00:00, 456.35it/s]Loading weights: 100%|██████████| 390/390 [00:01<00:00, 334.81it/s]
[transformers] [1mDebertaV2Model LOAD REPORT[0m from: microsoft/deberta-v3-large
Key                                     | Status     |  | 
----------------------------------------+------------+--+-
mask_predictions.classifier.weight      | UNEXPECTED |  | 
lm_predictions.lm_head.LayerNorm.weight | UNEXPECTED |  | 
mask_predictions.dense.weight           | UNEXPECTED |  | 
lm_predictions.lm_head.bias             | UNEXPECTED |  | 
mask_predictions.dense.bias             | UNEXPECTED |  | 
lm_predictions.lm_head.LayerNorm.bias   | UNEXPECTED |  | 
lm_predictions.lm_head.dense.weight     | UNEXPECTED |  | 
lm_predictions.lm_head.dense.bias       | UNEXPECTED |  | 
mask_predictions.classifier.bias        | UNEXPECTED |  | 
mask_predictions.LayerNorm.weight       | UNEXPECTED |  | 
mask_predictions.LayerNorm.bias         | UNEXPECTED |  | 

Notes:
- UNEXPECTED:	can be ignored when loading from different task/architecture; not ok if you expect identical arch.
ep1 loss 1.1725 | dev acc 70.05 | mean gate 0.519 | 145s
ep2 loss 0.8489 | dev acc 67.38 | mean gate 0.511 | 293s
ep3 loss 0.5667 | dev acc 75.76 | mean gate 0.483 | 437s
ep4 loss 0.3891 | dev acc 75.76 | mean gate 0.452 | 588s
ep5 loss 0.2645 | dev acc 77.18 | mean gate 0.439 | 732s
ep6 loss 0.2183 | dev acc 76.29 | mean gate 0.432 | 884s
ep7 loss 0.2089 | dev acc 75.76 | mean gate 0.429 | 1027s
ep8 loss 0.2001 | dev acc 76.65 | mean gate 0.428 | 1174s
early stop
[dev] gold-span MASC acc 77.18 | mean gate 0.439
[dev] scored 1165 predicted spans
[test] gold-span MASC acc 77.72 | mean gate 0.434
[test] scored 1087 predicted spans
{
  "model": "microsoft/deberta-v3-large",
  "seed": 52,
  "fuse": "concat",
  "best_dev_acc": 77.18360071301248,
  "best_epoch": 5,
  "dev_acc_goldspan": 77.18360071301248,
  "dev_mean_gate": 0.4393586814403534,
  "test_acc_goldspan": 77.72420443587271,
  "test_mean_gate": 0.43426719307899475
}
=== [4/4] FINAL diagnose + assemble over every member ===
members: runs/masc_twrob_s42 runs/masc_btw_s43 runs/masc_deb_s44 runs/masc_btwL_s45 runs/masc_robL_s46 runs/pdq_s42 runs/pdq_twrob_s43 runs/pdq_btw_s42 runs/pdq_btwL_s47 runs/masc_gate_btwL_cvx runs/masc_gate_btwL_cat runs/masc_gate_deb_cat
12 members on 1037 shared gold aspects (test)

  masc_twrob_s42           acc 77.34
  masc_btw_s43             acc 78.11
  masc_deb_s44             acc 79.36
  masc_btwL_s45            acc 79.75
  masc_robL_s46            acc 78.78
  pdq_s42                  acc 76.37
  pdq_twrob_s43            acc 78.78
  pdq_btw_s42              acc 70.78
  pdq_btwL_s47             acc 79.94
  masc_gate_btwL_cvx       acc 77.15
  masc_gate_btwL_cat       acc 79.36
  masc_gate_deb_cat        acc 77.72

  MAJORITY-VOTE-equivalent oracle (any member right): 95.76
  all-wrong (nothing can fix): 4.24

  pairwise error correlation (ratio > 1 = correlated, ~1 = independent):
  pair                                         both_wrong    indep   ratio
  masc_twrob_s42 | masc_btw_s43                     0.150    0.050    3.03
  masc_twrob_s42 | masc_deb_s44                     0.135    0.047    2.89
  masc_twrob_s42 | masc_btwL_s45                    0.143    0.046    3.11
  masc_twrob_s42 | masc_robL_s46                    0.151    0.048    3.15
  masc_twrob_s42 | pdq_s42                          0.145    0.054    2.70
  masc_twrob_s42 | pdq_twrob_s43                    0.158    0.048    3.29
  masc_twrob_s42 | pdq_btw_s42                      0.109    0.066    1.65
  masc_twrob_s42 | pdq_btwL_s47                     0.143    0.045    3.14
  masc_twrob_s42 | masc_gate_btwL_cvx               0.140    0.052    2.70
  masc_twrob_s42 | masc_gate_btwL_cat               0.139    0.047    2.97
  masc_twrob_s42 | masc_gate_deb_cat                0.136    0.050    2.69
  masc_btw_s43 | masc_deb_s44                       0.137    0.045    3.03
  masc_btw_s43 | masc_btwL_s45                      0.149    0.044    3.35
  masc_btw_s43 | masc_robL_s46                      0.148    0.046    3.18
  masc_btw_s43 | pdq_s42                            0.131    0.052    2.54
  masc_btw_s43 | pdq_twrob_s43                      0.141    0.046    3.03
  masc_btw_s43 | pdq_btw_s42                        0.115    0.064    1.79
  masc_btw_s43 | pdq_btwL_s47                       0.145    0.044    3.29
  masc_btw_s43 | masc_gate_btwL_cvx                 0.147    0.050    2.93
  masc_btw_s43 | masc_gate_btwL_cat                 0.141    0.045    3.12
  masc_btw_s43 | masc_gate_deb_cat                  0.139    0.049    2.85
  masc_deb_s44 | masc_btwL_s45                      0.130    0.042    3.12
  masc_deb_s44 | masc_robL_s46                      0.141    0.044    3.22
  masc_deb_s44 | pdq_s42                            0.130    0.049    2.67
  masc_deb_s44 | pdq_twrob_s43                      0.127    0.044    2.91
  masc_deb_s44 | pdq_btw_s42                        0.106    0.060    1.76
  masc_deb_s44 | pdq_btwL_s47                       0.131    0.041    3.17
  masc_deb_s44 | masc_gate_btwL_cvx                 0.146    0.047    3.09
  masc_deb_s44 | masc_gate_btwL_cat                 0.139    0.043    3.26
  masc_deb_s44 | masc_gate_deb_cat                  0.147    0.046    3.19
  masc_btwL_s45 | masc_robL_s46                     0.153    0.043    3.57
  masc_btwL_s45 | pdq_s42                           0.128    0.048    2.68
  masc_btwL_s45 | pdq_twrob_s43                     0.136    0.043    3.16
  masc_btwL_s45 | pdq_btw_s42                       0.109    0.059    1.84
  masc_btwL_s45 | pdq_btwL_s47                      0.152    0.041    3.75
  masc_btwL_s45 | masc_gate_btwL_cvx                0.147    0.046    3.17
  masc_btwL_s45 | masc_gate_btwL_cat                0.158    0.042    3.78
  masc_btwL_s45 | masc_gate_deb_cat                 0.139    0.045    3.08
  masc_robL_s46 | pdq_s42                           0.135    0.050    2.69
  masc_robL_s46 | pdq_twrob_s43                     0.141    0.045    3.13
  masc_robL_s46 | pdq_btw_s42                       0.107    0.062    1.73
  masc_robL_s46 | pdq_btwL_s47                      0.141    0.043    3.31
  masc_robL_s46 | masc_gate_btwL_cvx                0.148    0.048    3.04
  masc_robL_s46 | masc_gate_btwL_cat                0.148    0.044    3.37
  masc_robL_s46 | masc_gate_deb_cat                 0.144    0.047    3.04
  pdq_s42 | pdq_twrob_s43                           0.135    0.050    2.69
  pdq_s42 | pdq_btw_s42                             0.132    0.069    1.91
  pdq_s42 | pdq_btwL_s47                            0.128    0.047    2.71
  pdq_s42 | masc_gate_btwL_cvx                      0.135    0.054    2.50
  pdq_s42 | masc_gate_btwL_cat                      0.129    0.049    2.65
  pdq_s42 | masc_gate_deb_cat                       0.129    0.053    2.46
  pdq_twrob_s43 | pdq_btw_s42                       0.100    0.062    1.62
  pdq_twrob_s43 | pdq_btwL_s47                      0.141    0.043    3.31
  pdq_twrob_s43 | masc_gate_btwL_cvx                0.131    0.048    2.70
  pdq_twrob_s43 | masc_gate_btwL_cat                0.132    0.044    3.02
  pdq_twrob_s43 | masc_gate_deb_cat                 0.129    0.047    2.73
  pdq_btw_s42 | pdq_btwL_s47                        0.106    0.059    1.81
  pdq_btw_s42 | masc_gate_btwL_cvx                  0.120    0.067    1.79
  pdq_btw_s42 | masc_gate_btwL_cat                  0.111    0.060    1.84
  pdq_btw_s42 | masc_gate_deb_cat                   0.116    0.065    1.78
  pdq_btwL_s47 | masc_gate_btwL_cvx                 0.151    0.046    3.30
  pdq_btwL_s47 | masc_gate_btwL_cat                 0.146    0.041    3.52
  pdq_btwL_s47 | masc_gate_deb_cat                  0.137    0.045    3.06
  masc_gate_btwL_cvx | masc_gate_btwL_cat           0.149    0.047    3.17
  masc_gate_btwL_cvx | masc_gate_deb_cat            0.153    0.051    3.01
  masc_gate_btwL_cat | masc_gate_deb_cat            0.143    0.046    3.10

  unique-right share (member correct where ALL others are wrong):
    masc_twrob_s42           0.19%
    masc_btw_s43             0.19%
    masc_deb_s44             0.29%
    masc_btwL_s45            0.00%
    masc_robL_s46            0.10%
    pdq_s42                  0.10%
    pdq_twrob_s43            0.10%
    pdq_btw_s42              1.16%
    pdq_btwL_s47             0.10%
    masc_gate_btwL_cvx       0.10%
    masc_gate_btwL_cat       0.19%
    masc_gate_deb_cat        0.10%
tau=0.71 mode=span
MATE   P=87.31 R=87.56 F1=87.43
a (polarity on correctly-extracted) = 80.51
JOINT  P=70.29 R=70.49 F1=70.39   (dev F1 68.27)
identity check: 87.43 x 0.8051 = 70.39
BAR P>72.8 R>73.1 F1>72.9  ->  worst margin -2.61
tau=0.55 mode=joint
MATE   P=85.63 R=86.79 F1=86.21
a (polarity on correctly-extracted) = 81.33
JOINT  P=69.65 R=70.59 F1=70.11   (dev F1 68.09)
identity check: 86.21 x 0.8133 = 70.11
BAR P>72.8 R>73.1 F1>72.9  ->  worst margin -3.15
=== QUEUE9 DONE ===
