=== [1/2] judge 2: deberta-v3-large (arch-diverse judge) ===
train candidates 3635  positives 2820 (77.6%)
dev candidates 1234 positives 1007 (81.6%)
test candidates 1178 positives 945 (80.2%)
Loading weights:   0%|          | 0/390 [00:00<?, ?it/s]Loading weights:   1%|          | 3/390 [00:00<02:04,  3.10it/s]Loading weights:  76%|███████▋  | 298/390 [00:01<00:00, 381.93it/s]Loading weights: 100%|██████████| 390/390 [00:01<00:00, 338.79it/s]
[transformers] [1mDebertaV2Model LOAD REPORT[0m from: microsoft/deberta-v3-large
Key                                     | Status     |  | 
----------------------------------------+------------+--+-
mask_predictions.LayerNorm.bias         | UNEXPECTED |  | 
lm_predictions.lm_head.LayerNorm.bias   | UNEXPECTED |  | 
lm_predictions.lm_head.dense.weight     | UNEXPECTED |  | 
lm_predictions.lm_head.LayerNorm.weight | UNEXPECTED |  | 
lm_predictions.lm_head.bias             | UNEXPECTED |  | 
mask_predictions.classifier.weight      | UNEXPECTED |  | 
mask_predictions.dense.weight           | UNEXPECTED |  | 
mask_predictions.classifier.bias        | UNEXPECTED |  | 
lm_predictions.lm_head.dense.bias       | UNEXPECTED |  | 
mask_predictions.LayerNorm.weight       | UNEXPECTED |  | 
mask_predictions.dense.bias             | UNEXPECTED |  | 

Notes:
- UNEXPECTED:	can be ignored when loading from different task/architecture; not ok if you expect identical arch.
ep1 loss 0.4906 | dev AUC 0.8162 | 161s
ep2 loss 0.3422 | dev AUC 0.8340 | 325s
ep3 loss 0.2151 | dev AUC 0.7980 | 492s
ep4 loss 0.1050 | dev AUC 0.7879 | 656s
ep5 loss 0.0594 | dev AUC 0.7961 | 814s
[dev] scored 1234 candidate spans
[test] scored 1178 candidate spans
=== [2/2] judge 3: bertweet-large, different seed ===
train candidates 3635  positives 2820 (77.6%)
dev candidates 1234 positives 1007 (81.6%)
test candidates 1178 positives 945 (80.2%)
Loading weights:   0%|          | 0/389 [00:00<?, ?it/s]Loading weights: 100%|██████████| 389/389 [00:00<00:00, 15620.72it/s]
[transformers] [1mRobertaModel LOAD REPORT[0m from: vinai/bertweet-large
Key                       | Status     | 
--------------------------+------------+-
lm_head.dense.weight      | UNEXPECTED | 
lm_head.decoder.bias      | UNEXPECTED | 
lm_head.bias              | UNEXPECTED | 
lm_head.dense.bias        | UNEXPECTED | 
lm_head.layer_norm.bias   | UNEXPECTED | 
lm_head.layer_norm.weight | UNEXPECTED | 
lm_head.decoder.weight    | UNEXPECTED | 
pooler.dense.weight       | MISSING    | 
pooler.dense.bias         | MISSING    | 

Notes:
- UNEXPECTED:	can be ignored when loading from different task/architecture; not ok if you expect identical arch.
- MISSING:	those params were newly initialized because missing from the checkpoint. Consider training on your downstream task.
ep1 loss 0.5152 | dev AUC 0.7593 | 108s
ep2 loss 0.4254 | dev AUC 0.8246 | 221s
ep3 loss 0.3069 | dev AUC 0.8219 | 337s
ep4 loss 0.2177 | dev AUC 0.8031 | 445s
ep5 loss 0.1239 | dev AUC 0.7883 | 553s
ep6 loss 0.0561 | dev AUC 0.7894 | 661s
[dev] scored 1234 candidate spans
[test] scored 1178 candidate spans
=== QUEUE18 DONE ===
