=== [1/4] balanced-CE member: bertweet-large ===
Loading weights:   0%|          | 0/389 [00:00<?, ?it/s]Loading weights: 100%|██████████| 389/389 [00:00<00:00, 15033.62it/s]
[transformers] [1mRobertaModel LOAD REPORT[0m from: vinai/bertweet-large
Key                       | Status     | 
--------------------------+------------+-
lm_head.dense.bias        | UNEXPECTED | 
lm_head.bias              | UNEXPECTED | 
lm_head.decoder.bias      | UNEXPECTED | 
lm_head.dense.weight      | UNEXPECTED | 
lm_head.layer_norm.bias   | UNEXPECTED | 
lm_head.layer_norm.weight | UNEXPECTED | 
lm_head.decoder.weight    | UNEXPECTED | 
pooler.dense.bias         | MISSING    | 
pooler.dense.weight       | MISSING    | 

Notes:
- UNEXPECTED:	can be ignored when loading from different task/architecture; not ok if you expect identical arch.
- MISSING:	those params were newly initialized because missing from the checkpoint. Consider training on your downstream task.
class counts [368.0, 1883.0, 928.0] -> weights [1.884, 0.368, 0.747]
ep1 loss 1.0106 | dev acc 65.60 | 114s
ep2 loss 0.7122 | dev acc 71.12 | 216s
ep3 loss 0.5241 | dev acc 74.51 | 316s
ep4 loss 0.3702 | dev acc 67.29 | 416s
ep5 loss 0.2497 | dev acc 74.96 | 511s
ep6 loss 0.1245 | dev acc 72.10 | 613s
ep7 loss 0.0946 | dev acc 75.94 | 710s
ep8 loss 0.0367 | dev acc 76.11 | 817s
[dev] gold-span MASC acc 76.11 (n=1122)
[dev] scored 1165 predicted spans
[test] gold-span MASC acc 78.88 (n=1037)
[test] scored 1087 predicted spans
{
  "model": "vinai/bertweet-large",
  "seed": 70,
  "best_dev_acc": 76.11408199643493,
  "best_epoch": 8,
  "dev_acc_goldspan": 76.11408199643493,
  "test_acc_goldspan": 78.88138862102217
}
=== [2/4] sqrt-balanced member: deberta-v3-large (gentler reweighting) ===
Loading weights:   0%|          | 0/390 [00:00<?, ?it/s]Loading weights:   1%|          | 3/390 [00:00<00:44,  8.79it/s]Loading weights:  59%|█████▉    | 231/390 [00:00<00:00, 678.72it/s]Loading weights:  94%|█████████▍| 366/390 [00:00<00:00, 501.20it/s]Loading weights: 100%|██████████| 390/390 [00:00<00:00, 463.23it/s]
[transformers] [1mDebertaV2Model LOAD REPORT[0m from: microsoft/deberta-v3-large
Key                                     | Status     |  | 
----------------------------------------+------------+--+-
lm_predictions.lm_head.bias             | UNEXPECTED |  | 
mask_predictions.classifier.bias        | UNEXPECTED |  | 
lm_predictions.lm_head.LayerNorm.weight | UNEXPECTED |  | 
mask_predictions.LayerNorm.bias         | UNEXPECTED |  | 
lm_predictions.lm_head.LayerNorm.bias   | UNEXPECTED |  | 
mask_predictions.classifier.weight      | UNEXPECTED |  | 
mask_predictions.LayerNorm.weight       | UNEXPECTED |  | 
mask_predictions.dense.bias             | UNEXPECTED |  | 
lm_predictions.lm_head.dense.weight     | UNEXPECTED |  | 
lm_predictions.lm_head.dense.bias       | UNEXPECTED |  | 
mask_predictions.dense.weight           | UNEXPECTED |  | 

Notes:
- UNEXPECTED:	can be ignored when loading from different task/architecture; not ok if you expect identical arch.
class counts [368.0, 1883.0, 928.0] -> weights [1.448, 0.64, 0.912]
ep1 loss 1.0427 | dev acc 69.52 | 148s
ep2 loss 0.7272 | dev acc 75.22 | 289s
ep3 loss 0.4947 | dev acc 77.45 | 436s
ep4 loss 0.3362 | dev acc 75.31 | 582s
ep5 loss 0.1782 | dev acc 76.74 | 734s
ep6 loss 0.0864 | dev acc 77.99 | 891s
ep7 loss 0.0369 | dev acc 78.07 | 1048s
ep8 loss 0.0184 | dev acc 78.43 | 1193s
[dev] gold-span MASC acc 78.43 (n=1122)
[dev] scored 1165 predicted spans
[test] gold-span MASC acc 79.36 (n=1037)
[test] scored 1087 predicted spans
{
  "model": "microsoft/deberta-v3-large",
  "seed": 71,
  "best_dev_acc": 78.43137254901961,
  "best_epoch": 8,
  "dev_acc_goldspan": 78.43137254901961,
  "test_acc_goldspan": 79.36354869816779
}
=== [3/4] balanced-CE member: twitter-roberta (cheap, diverse) ===
Loading weights:   0%|          | 0/199 [00:00<?, ?it/s]Loading weights: 100%|██████████| 199/199 [00:00<00:00, 10278.89it/s]
[transformers] [1mRobertaModel LOAD REPORT[0m from: cardiffnlp/twitter-roberta-base-sentiment-latest
Key                        | Status     |  | 
---------------------------+------------+--+-
classifier.out_proj.bias   | UNEXPECTED |  | 
classifier.dense.weight    | UNEXPECTED |  | 
classifier.out_proj.weight | UNEXPECTED |  | 
classifier.dense.bias      | UNEXPECTED |  | 

Notes:
- UNEXPECTED:	can be ignored when loading from different task/architecture; not ok if you expect identical arch.
class counts [368.0, 1883.0, 928.0] -> weights [1.884, 0.368, 0.747]
ep1 loss 0.8135 | dev acc 71.48 | 21s
ep2 loss 0.6269 | dev acc 69.52 | 43s
ep3 loss 0.4145 | dev acc 76.29 | 63s
ep4 loss 0.2566 | dev acc 73.08 | 86s
ep5 loss 0.1592 | dev acc 73.62 | 106s
ep6 loss 0.1060 | dev acc 74.06 | 127s
early stop
[dev] gold-span MASC acc 76.29 (n=1122)
[dev] scored 1165 predicted spans
[test] gold-span MASC acc 77.24 (n=1037)
[test] scored 1087 predicted spans
{
  "model": "cardiffnlp/twitter-roberta-base-sentiment-latest",
  "seed": 72,
  "best_dev_acc": 76.29233511586453,
  "best_epoch": 3,
  "dev_acc_goldspan": 76.29233511586453,
  "test_acc_goldspan": 77.2420443587271
}
=== [4/4] diagnose + assemble ===
members: runs/masc_twrob_s42 runs/masc_btw_s43 runs/masc_deb_s44 runs/masc_btwL_s45 runs/masc_robL_s46 runs/pdq_s42 runs/pdq_twrob_s43 runs/pdq_btw_s42 runs/pdq_btwL_s47 runs/masc_btwL_bal runs/masc_deb_sqrt runs/masc_twrob_bal
12 members on 1037 shared gold aspects (test)

  masc_twrob_s42           acc 77.34
  masc_btw_s43             acc 78.11
  masc_deb_s44             acc 79.36
  masc_btwL_s45            acc 79.75
  masc_robL_s46            acc 78.78
  pdq_s42                  acc 76.37
  pdq_twrob_s43            acc 78.78
  pdq_btw_s42              acc 70.78
  pdq_btwL_s47             acc 79.94
  masc_btwL_bal            acc 78.88
  masc_deb_sqrt            acc 79.36
  masc_twrob_bal           acc 77.24

  MAJORITY-VOTE-equivalent oracle (any member right): 95.56
  all-wrong (nothing can fix): 4.44

  pairwise error correlation (ratio > 1 = correlated, ~1 = independent):
  pair                                         both_wrong    indep   ratio
  masc_twrob_s42 | masc_btw_s43                     0.150    0.050    3.03
  masc_twrob_s42 | masc_deb_s44                     0.135    0.047    2.89
  masc_twrob_s42 | masc_btwL_s45                    0.143    0.046    3.11
  masc_twrob_s42 | masc_robL_s46                    0.151    0.048    3.15
  masc_twrob_s42 | pdq_s42                          0.145    0.054    2.70
  masc_twrob_s42 | pdq_twrob_s43                    0.158    0.048    3.29
  masc_twrob_s42 | pdq_btw_s42                      0.109    0.066    1.65
  masc_twrob_s42 | pdq_btwL_s47                     0.143    0.045    3.14
  masc_twrob_s42 | masc_btwL_bal                    0.148    0.048    3.08
  masc_twrob_s42 | masc_deb_sqrt                    0.139    0.047    2.97
  masc_twrob_s42 | masc_twrob_bal                   0.173    0.052    3.35
  masc_btw_s43 | masc_deb_s44                       0.137    0.045    3.03
  masc_btw_s43 | masc_btwL_s45                      0.149    0.044    3.35
  masc_btw_s43 | masc_robL_s46                      0.148    0.046    3.18
  masc_btw_s43 | pdq_s42                            0.131    0.052    2.54
  masc_btw_s43 | pdq_twrob_s43                      0.141    0.046    3.03
  masc_btw_s43 | pdq_btw_s42                        0.115    0.064    1.79
  masc_btw_s43 | pdq_btwL_s47                       0.145    0.044    3.29
  masc_btw_s43 | masc_btwL_bal                      0.146    0.046    3.15
  masc_btw_s43 | masc_deb_sqrt                      0.145    0.045    3.20
  masc_btw_s43 | masc_twrob_bal                     0.148    0.050    2.96
  masc_deb_s44 | masc_btwL_s45                      0.130    0.042    3.12
  masc_deb_s44 | masc_robL_s46                      0.141    0.044    3.22
  masc_deb_s44 | pdq_s42                            0.130    0.049    2.67
  masc_deb_s44 | pdq_twrob_s43                      0.127    0.044    2.91
  masc_deb_s44 | pdq_btw_s42                        0.106    0.060    1.76
  masc_deb_s44 | pdq_btwL_s47                       0.131    0.041    3.17
  masc_deb_s44 | masc_btwL_bal                      0.145    0.044    3.32
  masc_deb_s44 | masc_deb_sqrt                      0.162    0.043    3.80
  masc_deb_s44 | masc_twrob_bal                     0.134    0.047    2.85
  masc_btwL_s45 | masc_robL_s46                     0.153    0.043    3.57
  masc_btwL_s45 | pdq_s42                           0.128    0.048    2.68
  masc_btwL_s45 | pdq_twrob_s43                     0.136    0.043    3.16
  masc_btwL_s45 | pdq_btw_s42                       0.109    0.059    1.84
  masc_btwL_s45 | pdq_btwL_s47                      0.152    0.041    3.75
  masc_btwL_s45 | masc_btwL_bal                     0.156    0.043    3.65
  masc_btwL_s45 | masc_deb_sqrt                     0.143    0.042    3.42
  masc_btwL_s45 | masc_twrob_bal                    0.131    0.046    2.85
  masc_robL_s46 | pdq_s42                           0.135    0.050    2.69
  masc_robL_s46 | pdq_twrob_s43                     0.141    0.045    3.13
  masc_robL_s46 | pdq_btw_s42                       0.107    0.062    1.73
  masc_robL_s46 | pdq_btwL_s47                      0.141    0.043    3.31
  masc_robL_s46 | masc_btwL_bal                     0.147    0.045    3.27
  masc_robL_s46 | masc_deb_sqrt                     0.152    0.044    3.48
  masc_robL_s46 | masc_twrob_bal                    0.141    0.048    2.92
  pdq_s42 | pdq_twrob_s43                           0.135    0.050    2.69
  pdq_s42 | pdq_btw_s42                             0.132    0.069    1.91
  pdq_s42 | pdq_btwL_s47                            0.128    0.047    2.71
  pdq_s42 | masc_btwL_bal                           0.132    0.050    2.65
  pdq_s42 | masc_deb_sqrt                           0.131    0.049    2.69
  pdq_s42 | masc_twrob_bal                          0.144    0.054    2.67
  pdq_twrob_s43 | pdq_btw_s42                       0.100    0.062    1.62
  pdq_twrob_s43 | pdq_btwL_s47                      0.141    0.043    3.31
  pdq_twrob_s43 | masc_btwL_bal                     0.145    0.045    3.23
  pdq_twrob_s43 | masc_deb_sqrt                     0.134    0.044    3.06
  pdq_twrob_s43 | masc_twrob_bal                    0.162    0.048    3.36
  pdq_btw_s42 | pdq_btwL_s47                        0.106    0.059    1.81
  pdq_btw_s42 | masc_btwL_bal                       0.102    0.062    1.66
  pdq_btw_s42 | masc_deb_sqrt                       0.103    0.060    1.71
  pdq_btw_s42 | masc_twrob_bal                      0.109    0.066    1.64
  pdq_btwL_s47 | masc_btwL_bal                      0.149    0.042    3.53
  pdq_btwL_s47 | masc_deb_sqrt                      0.139    0.041    3.35
  pdq_btwL_s47 | masc_twrob_bal                     0.136    0.046    2.98
  masc_btwL_bal | masc_deb_sqrt                     0.147    0.044    3.36
  masc_btwL_bal | masc_twrob_bal                    0.141    0.048    2.93
  masc_deb_sqrt | masc_twrob_bal                    0.137    0.047    2.92

  unique-right share (member correct where ALL others are wrong):
    masc_twrob_s42           0.10%
    masc_btw_s43             0.10%
    masc_deb_s44             0.29%
    masc_btwL_s45            0.19%
    masc_robL_s46            0.10%
    pdq_s42                  0.10%
    pdq_twrob_s43            0.10%
    pdq_btw_s42              1.54%
    pdq_btwL_s47             0.10%
    masc_btwL_bal            0.10%
    masc_deb_sqrt            0.10%
    masc_twrob_bal           0.00%
tau=0.71 mode=span
MATE   P=87.31 R=87.56 F1=87.43
a (polarity on correctly-extracted) = 79.52
JOINT  P=69.42 R=69.62 F1=69.52   (dev F1 68.18)
identity check: 87.43 x 0.7952 = 69.52
BAR P>72.8 R>73.1 F1>72.9  ->  worst margin -3.48
tau=0.54 mode=joint
MATE   P=85.77 R=87.75 F1=86.75
a (polarity on correctly-extracted) = 80.33
JOINT  P=68.90 R=70.49 F1=69.69   (dev F1 68.00)
identity check: 86.75 x 0.8033 = 69.69
BAR P>72.8 R>73.1 F1>72.9  ->  worst margin -3.90
=== QUEUE11 DONE ===
